// Jest Snapshot v1, https://goo.gl/fbAQLP

exports[`should render login screen properly 1`] = `
<DocumentFragment>
  <div
    class="notfound-container"
  >
    <h1>
      ERROR 404! Page Not Found!
    </h1>
  </div>
</DocumentFragment>
`;
