// Jest Snapshot v1, https://goo.gl/fbAQLP

exports[`should render nurse screen properly 1`] = `
<DocumentFragment>
  <div
    class="nurses-container"
  >
    <div>
      <h1
        class="nurses-heading"
      >
        All Nurses
      </h1>
    </div>
    <div
      class="ant-divider ant-divider-horizontal"
      role="separator"
    />
    <div>
      <div>
        <div
          class="ant-table-wrapper"
        >
          <div
            class="ant-spin-nested-loading"
          >
            <div
              class="ant-spin-container"
            >
              <div
                class="ant-table"
              >
                <div
                  class="ant-table-container"
                >
                  <div
                    class="ant-table-content"
                  >
                    <table
                      style="table-layout: auto;"
                    >
                      <colgroup />
                      <thead
                        class="ant-table-thead"
                      >
                        <tr>
                          <th
                            class="ant-table-cell"
                          >
                            Rounding Manager
                          </th>
                          <th
                            class="ant-table-cell"
                          />
                          <th
                            class="ant-table-cell"
                          >
                            Name
                          </th>
                          <th
                            class="ant-table-cell"
                          >
                            Email
                          </th>
                          <th
                            class="ant-table-cell"
                          >
                            Working Days
                          </th>
                          <th
                            class="ant-table-cell"
                          >
                            Duty Start Time
                          </th>
                          <th
                            class="ant-table-cell"
                          >
                            Duty End Time
                          </th>
                          <th
                            class="ant-table-cell"
                          >
                            Address
                          </th>
                          <th
                            class="ant-table-cell"
                          >
                            Contact
                          </th>
                          <th
                            class="ant-table-cell"
                          >
                            Action
                          </th>
                        </tr>
                      </thead>
                      <tbody
                        class="ant-table-tbody"
                      >
                        <tr
                          class="ant-table-row ant-table-row-level-0"
                          data-row-key="1"
                        >
                          <td
                            class="ant-table-cell"
                          >
                            <div
                              class="favourite-container"
                            >
                              <span
                                aria-label="star"
                                class="anticon anticon-star"
                                role="img"
                                style="color: orange;"
                              >
                                <svg
                                  aria-hidden="true"
                                  data-icon="star"
                                  fill="currentColor"
                                  focusable="false"
                                  height="1em"
                                  viewBox="64 64 896 896"
                                  width="1em"
                                >
                                  <path
                                    d="M908.1 353.1l-253.9-36.9L540.7 86.1c-3.1-6.3-8.2-11.4-14.5-14.5-15.8-7.8-35-1.3-42.9 14.5L369.8 316.2l-253.9 36.9c-7 1-13.4 4.3-18.3 9.3a32.05 32.05 0 00.6 45.3l183.7 179.1-43.4 252.9a31.95 31.95 0 0046.4 33.7L512 754l227.1 119.4c6.2 3.3 13.4 4.4 20.3 3.2 17.4-3 29.1-19.5 26.1-36.9l-43.4-252.9 183.7-179.1c5-4.9 8.3-11.3 9.3-18.3 2.7-17.5-9.5-33.7-27-36.3z"
                                  />
                                </svg>
                              </span>
                            </div>
                          </td>
                          <td
                            class="ant-table-cell"
                          >
                            <img
                              alt="PhotoTest"
                              class="profile-img"
                              src="PhotoTest"
                            />
                          </td>
                          <td
                            class="ant-table-cell"
                          >
                            Test Nurse
                          </td>
                          <td
                            class="ant-table-cell"
                          >
                            nurseTest@gmail.com
                          </td>
                          <td
                            class="ant-table-cell"
                          >
                            12
                          </td>
                          <td
                            class="ant-table-cell"
                          >
                            Invalid date
                          </td>
                          <td
                            class="ant-table-cell"
                          >
                            Invalid date
                          </td>
                          <td
                            class="ant-table-cell"
                          >
                            KamalPokhari
                          </td>
                          <td
                            class="ant-table-cell"
                          >
                            1234567890
                          </td>
                          <td
                            class="ant-table-cell"
                          >
                            <div
                              class="ant-space ant-space-horizontal ant-space-align-center"
                            >
                              <div
                                class="ant-space-item"
                                style="margin-right: 8px;"
                              >
                                <a
                                  href="/1/edit-nurse"
                                >
                                  <div
                                    class="edit-link"
                                  >
                                    Edit
                                  </div>
                                </a>
                              </div>
                              <div
                                class="ant-space-item"
                              >
                                <div
                                  class="delete-link"
                                >
                                  Delete
                                </div>
                              </div>
                            </div>
                          </td>
                        </tr>
                      </tbody>
                    </table>
                  </div>
                </div>
              </div>
            </div>
          </div>
        </div>
      </div>
    </div>
  </div>
</DocumentFragment>
`;
